{"docs": [], "facets": {"BodyPartExamined": {"BLADDER": 106,
                                                         "BRAIN": 461,
                                                         "BREAST": 139,
                                                         "CERVIX": 54,
                                                         "CHEST": 38,
                                                         "CHESTABDPELVIS": 3,
                                                         "COLON": 25,
                                                         "ESOPHAGUS": 16,
                                                         "HEADNECK": 192,
                                                         "KIDNEY": 295,
                                                         "Kidney": 16,
                                                         "LEG": 1,
                                                         "LIVER": 97,
                                                         "LUNG": 68,
                                                         "None": 46,
                                                         "OVARY": 143,
                                                         "PROSTATE": 14,
                                                         "RECTUM": 3,
                                                         "STOMACH": 46,
                                                         "THYROID": 6,
                                                         "TSPINE": 1,
                                                         "UTERUS": 58},
                                    "Modality": {"CT": 984,
                                                 "MG": 2,
                                                 "MR": 813,
                                                 "NM": 2,
                                                 "None": 0,
                                                 "PT": 27},
                                    "Species": {"H. sapiens": 1828, "None": 0},
                                    "collection_id": {"None": 0,
                                                      "tcga_blca": 106,
                                                      "tcga_brca": 139,
                                                      "tcga_cesc": 54,
                                                      "tcga_coad": 25,
                                                      "tcga_esca": 16,
                                                      "tcga_gbm": 262,
                                                      "tcga_hnsc": 227,
                                                      "tcga_kich": 15,
                                                      "tcga_kirc": 267,
                                                      "tcga_kirp": 33,
                                                      "tcga_lgg": 199,
                                                      "tcga_lihc": 97,
                                                      "tcga_luad": 69,
                                                      "tcga_lusc": 37,
                                                      "tcga_ov": 143,
                                                      "tcga_prad": 14,
                                                      "tcga_read": 3,
                                                      "tcga_sarc": 5,
                                                      "tcga_stad": 46,
                                                      "tcga_thca": 6,
                                                      "tcga_ucec": 65}},
                         "numFound": 1828}